// Jest Snapshot v1, https://goo.gl/fbAQLP

exports[`ForecastSummaries renders the correct amount of ForecastSummary components 1`] = `[Function]`;
