// Jest Snapshot v1, https://goo.gl/fbAQLP

exports[`ForecastSummary renders correctly 1`] = `
<DocumentFragment>
  <div
    class="forecast-summary"
  >
    <div
      class="date"
      data-testid="date-id"
    >
      Mon 30th Apr
    </div>
    <div
      class="temperature"
      data-testid="temperature-id"
    >
      13Â°c
    </div>
    <div
      class="description"
      data-testid="description-id"
    >
      mockDescription
    </div>
    <div
      class="icon"
      data-testid="icon-id"
    >
      <i
        class="wi wi-day-sunny"
        name="owm"
      />
    </div>
    <button>
      More Details
    </button>
  </div>
</DocumentFragment>
`;
